Failed to send telemetry event ClientStartEvent: capture() takes 1 positional argument but 3 were given
Failed to send telemetry event ClientCreateCollectionEvent: capture() takes 1 positional argument but 3 were given
============================================================
PM Assistant - Transcript Ingestion
============================================================

1. Initializing components...

Warning: Vector store already contains 8762 chunks
Do you want to delete existing data and re-ingest? (yes/no): Failed to send telemetry event ClientCreateCollectionEvent: capture() takes 1 positional argument but 3 were given
Failed to send telemetry event CollectionAddEvent: capture() takes 1 positional argument but 3 were given
Deleted all chunks from vector store
Deleted existing data

2. Parsing transcripts...
Found 303 transcript files
Successfully parsed 303 episodes
Found 303 episodes to process

3. Processing batch 1/31 (10 episodes)...
   - Chunking transcripts...
   - Created 337 chunks
   - Generating embeddings...
Generating embeddings for 337 chunks...
Generated embeddings for batch 1 (100 texts)
Generated embeddings for batch 2 (100 texts)
Generated embeddings for batch 3 (100 texts)
Generated embeddings for batch 4 (37 texts)
Successfully generated 337/337 embeddings
   - Adding to vector store...
Added 337 chunks to vector store
   ✓ Batch 1 complete

3. Processing batch 2/31 (10 episodes)...
   - Chunking transcripts...
   - Created 373 chunks
   - Generating embeddings...
Generating embeddings for 373 chunks...
Generated embeddings for batch 1 (100 texts)
Generated embeddings for batch 2 (100 texts)
Generated embeddings for batch 3 (100 texts)
Generated embeddings for batch 4 (73 texts)
Successfully generated 373/373 embeddings
   - Adding to vector store...
Added 373 chunks to vector store
   ✓ Batch 2 complete

3. Processing batch 3/31 (10 episodes)...
   - Chunking transcripts...
   - Created 259 chunks
   - Generating embeddings...
Generating embeddings for 259 chunks...
Generated embeddings for batch 1 (100 texts)
Generated embeddings for batch 2 (100 texts)
Generated embeddings for batch 3 (59 texts)
Successfully generated 259/259 embeddings
   - Adding to vector store...
Added 259 chunks to vector store
   ✓ Batch 3 complete

3. Processing batch 4/31 (10 episodes)...
   - Chunking transcripts...
   - Created 310 chunks
   - Generating embeddings...
Generating embeddings for 310 chunks...
Generated embeddings for batch 1 (100 texts)
Generated embeddings for batch 2 (100 texts)
Generated embeddings for batch 3 (100 texts)
Generated embeddings for batch 4 (10 texts)
Successfully generated 310/310 embeddings
   - Adding to vector store...
Added 310 chunks to vector store
   ✓ Batch 4 complete

3. Processing batch 5/31 (10 episodes)...
   - Chunking transcripts...
   - Created 245 chunks
   - Generating embeddings...
Generating embeddings for 245 chunks...
Generated embeddings for batch 1 (100 texts)
Generated embeddings for batch 2 (100 texts)
Generated embeddings for batch 3 (45 texts)
Successfully generated 245/245 embeddings
   - Adding to vector store...
Added 245 chunks to vector store
   ✓ Batch 5 complete

3. Processing batch 6/31 (10 episodes)...
   - Chunking transcripts...
   - Created 211 chunks
   - Generating embeddings...
Generating embeddings for 211 chunks...
Generated embeddings for batch 1 (100 texts)
Generated embeddings for batch 2 (100 texts)
Generated embeddings for batch 3 (11 texts)
Successfully generated 211/211 embeddings
   - Adding to vector store...
Added 211 chunks to vector store
   ✓ Batch 6 complete

3. Processing batch 7/31 (10 episodes)...
   - Chunking transcripts...
   - Created 268 chunks
   - Generating embeddings...
Generating embeddings for 268 chunks...
Generated embeddings for batch 1 (100 texts)
Generated embeddings for batch 2 (100 texts)
Generated embeddings for batch 3 (68 texts)
Successfully generated 268/268 embeddings
   - Adding to vector store...
Added 268 chunks to vector store
   ✓ Batch 7 complete

3. Processing batch 8/31 (10 episodes)...
   - Chunking transcripts...
   - Created 353 chunks
   - Generating embeddings...
Generating embeddings for 353 chunks...
Generated embeddings for batch 1 (100 texts)
Generated embeddings for batch 2 (100 texts)
Generated embeddings for batch 3 (100 texts)
Generated embeddings for batch 4 (53 texts)
Successfully generated 353/353 embeddings
   - Adding to vector store...
Added 353 chunks to vector store
   ✓ Batch 8 complete

3. Processing batch 9/31 (10 episodes)...
   - Chunking transcripts...
   - Created 308 chunks
   - Generating embeddings...
Generating embeddings for 308 chunks...
Generated embeddings for batch 1 (100 texts)
Generated embeddings for batch 2 (100 texts)
Generated embeddings for batch 3 (100 texts)
Generated embeddings for batch 4 (8 texts)
Successfully generated 308/308 embeddings
   - Adding to vector store...
Added 308 chunks to vector store
   ✓ Batch 9 complete

3. Processing batch 10/31 (10 episodes)...
   - Chunking transcripts...
   - Created 173 chunks
   - Generating embeddings...
Generating embeddings for 173 chunks...
Generated embeddings for batch 1 (100 texts)
Generated embeddings for batch 2 (73 texts)
Successfully generated 173/173 embeddings
   - Adding to vector store...
Added 173 chunks to vector store
   ✓ Batch 10 complete

3. Processing batch 11/31 (10 episodes)...
   - Chunking transcripts...
   - Created 322 chunks
   - Generating embeddings...
Generating embeddings for 322 chunks...
Generated embeddings for batch 1 (100 texts)
Generated embeddings for batch 2 (100 texts)
Generated embeddings for batch 3 (100 texts)
Generated embeddings for batch 4 (22 texts)
Successfully generated 322/322 embeddings
   - Adding to vector store...
Added 322 chunks to vector store
   ✓ Batch 11 complete

3. Processing batch 12/31 (10 episodes)...
   - Chunking transcripts...
   - Created 253 chunks
   - Generating embeddings...
Generating embeddings for 253 chunks...
Generated embeddings for batch 1 (100 texts)
Generated embeddings for batch 2 (100 texts)
Generated embeddings for batch 3 (53 texts)
Successfully generated 253/253 embeddings
   - Adding to vector store...
Added 253 chunks to vector store
   ✓ Batch 12 complete

3. Processing batch 13/31 (10 episodes)...
   - Chunking transcripts...
   - Created 249 chunks
   - Generating embeddings...
Generating embeddings for 249 chunks...
Generated embeddings for batch 1 (100 texts)
Generated embeddings for batch 2 (100 texts)
Generated embeddings for batch 3 (49 texts)
Successfully generated 249/249 embeddings
   - Adding to vector store...
Added 249 chunks to vector store
   ✓ Batch 13 complete

3. Processing batch 14/31 (10 episodes)...
   - Chunking transcripts...
   - Created 274 chunks
   - Generating embeddings...
Generating embeddings for 274 chunks...
Generated embeddings for batch 1 (100 texts)
Generated embeddings for batch 2 (100 texts)
Generated embeddings for batch 3 (74 texts)
Successfully generated 274/274 embeddings
   - Adding to vector store...
Added 274 chunks to vector store
   ✓ Batch 14 complete

3. Processing batch 15/31 (10 episodes)...
   - Chunking transcripts...
   - Created 282 chunks
   - Generating embeddings...
Generating embeddings for 282 chunks...
Generated embeddings for batch 1 (100 texts)
Generated embeddings for batch 2 (100 texts)
Generated embeddings for batch 3 (82 texts)
Successfully generated 282/282 embeddings
   - Adding to vector store...
Added 282 chunks to vector store
   ✓ Batch 15 complete

3. Processing batch 16/31 (10 episodes)...
   - Chunking transcripts...
   - Created 323 chunks
   - Generating embeddings...
Generating embeddings for 323 chunks...
Generated embeddings for batch 1 (100 texts)
Generated embeddings for batch 2 (100 texts)
Generated embeddings for batch 3 (100 texts)
Generated embeddings for batch 4 (23 texts)
Successfully generated 323/323 embeddings
   - Adding to vector store...
Added 323 chunks to vector store
   ✓ Batch 16 complete

3. Processing batch 17/31 (10 episodes)...
   - Chunking transcripts...
   - Created 268 chunks
   - Generating embeddings...
Generating embeddings for 268 chunks...
Generated embeddings for batch 1 (100 texts)
Generated embeddings for batch 2 (100 texts)
Generated embeddings for batch 3 (68 texts)
Successfully generated 268/268 embeddings
   - Adding to vector store...
Added 268 chunks to vector store
   ✓ Batch 17 complete

3. Processing batch 18/31 (10 episodes)...
   - Chunking transcripts...
   - Created 239 chunks
   - Generating embeddings...
Generating embeddings for 239 chunks...
Generated embeddings for batch 1 (100 texts)
Generated embeddings for batch 2 (100 texts)
Generated embeddings for batch 3 (39 texts)
Successfully generated 239/239 embeddings
   - Adding to vector store...
Added 239 chunks to vector store
   ✓ Batch 18 complete

3. Processing batch 19/31 (10 episodes)...
   - Chunking transcripts...
   - Created 347 chunks
   - Generating embeddings...
Generating embeddings for 347 chunks...
Generated embeddings for batch 1 (100 texts)
Generated embeddings for batch 2 (100 texts)
Generated embeddings for batch 3 (100 texts)
Generated embeddings for batch 4 (47 texts)
Successfully generated 347/347 embeddings
   - Adding to vector store...
Added 347 chunks to vector store
   ✓ Batch 19 complete

3. Processing batch 20/31 (10 episodes)...
   - Chunking transcripts...
   - Created 260 chunks
   - Generating embeddings...
Generating embeddings for 260 chunks...
Generated embeddings for batch 1 (100 texts)
Generated embeddings for batch 2 (100 texts)
Generated embeddings for batch 3 (60 texts)
Successfully generated 260/260 embeddings
   - Adding to vector store...
Added 260 chunks to vector store
   ✓ Batch 20 complete

3. Processing batch 21/31 (10 episodes)...
   - Chunking transcripts...
   - Created 318 chunks
   - Generating embeddings...
Generating embeddings for 318 chunks...
Generated embeddings for batch 1 (100 texts)
Generated embeddings for batch 2 (100 texts)
Generated embeddings for batch 3 (100 texts)
Generated embeddings for batch 4 (18 texts)
Successfully generated 318/318 embeddings
   - Adding to vector store...
Added 318 chunks to vector store
   ✓ Batch 21 complete

3. Processing batch 22/31 (10 episodes)...
   - Chunking transcripts...
   - Created 214 chunks
   - Generating embeddings...
Generating embeddings for 214 chunks...
Generated embeddings for batch 1 (100 texts)
Generated embeddings for batch 2 (100 texts)
Generated embeddings for batch 3 (14 texts)
Successfully generated 214/214 embeddings
   - Adding to vector store...
Added 214 chunks to vector store
   ✓ Batch 22 complete

3. Processing batch 23/31 (10 episodes)...
   - Chunking transcripts...
   - Created 356 chunks
   - Generating embeddings...
Generating embeddings for 356 chunks...
Generated embeddings for batch 1 (100 texts)
Generated embeddings for batch 2 (100 texts)
Generated embeddings for batch 3 (100 texts)
Generated embeddings for batch 4 (56 texts)
Successfully generated 356/356 embeddings
   - Adding to vector store...
Added 356 chunks to vector store
   ✓ Batch 23 complete

3. Processing batch 24/31 (10 episodes)...
   - Chunking transcripts...
   - Created 299 chunks
   - Generating embeddings...
Generating embeddings for 299 chunks...
Generated embeddings for batch 1 (100 texts)
Generated embeddings for batch 2 (100 texts)
Generated embeddings for batch 3 (99 texts)
Successfully generated 299/299 embeddings
   - Adding to vector store...
Added 299 chunks to vector store
   ✓ Batch 24 complete

3. Processing batch 25/31 (10 episodes)...
   - Chunking transcripts...
   - Created 317 chunks
   - Generating embeddings...
Generating embeddings for 317 chunks...
Generated embeddings for batch 1 (100 texts)
Generated embeddings for batch 2 (100 texts)
Generated embeddings for batch 3 (100 texts)
Generated embeddings for batch 4 (17 texts)
Successfully generated 317/317 embeddings
   - Adding to vector store...
Added 317 chunks to vector store
   ✓ Batch 25 complete

3. Processing batch 26/31 (10 episodes)...
   - Chunking transcripts...
   - Created 310 chunks
   - Generating embeddings...
Generating embeddings for 310 chunks...
Generated embeddings for batch 1 (100 texts)
Generated embeddings for batch 2 (100 texts)
Generated embeddings for batch 3 (100 texts)
Generated embeddings for batch 4 (10 texts)
Successfully generated 310/310 embeddings
   - Adding to vector store...
Added 310 chunks to vector store
   ✓ Batch 26 complete

3. Processing batch 27/31 (10 episodes)...
   - Chunking transcripts...
   - Created 272 chunks
   - Generating embeddings...
Generating embeddings for 272 chunks...
Generated embeddings for batch 1 (100 texts)
Generated embeddings for batch 2 (100 texts)
Generated embeddings for batch 3 (72 texts)
Successfully generated 272/272 embeddings
   - Adding to vector store...
Added 272 chunks to vector store
   ✓ Batch 27 complete

3. Processing batch 28/31 (10 episodes)...
   - Chunking transcripts...
   - Created 318 chunks
   - Generating embeddings...
Generating embeddings for 318 chunks...
Generated embeddings for batch 1 (100 texts)
Generated embeddings for batch 2 (100 texts)
Generated embeddings for batch 3 (100 texts)
Generated embeddings for batch 4 (18 texts)
Successfully generated 318/318 embeddings
   - Adding to vector store...
Added 318 chunks to vector store
   ✓ Batch 28 complete

3. Processing batch 29/31 (10 episodes)...
   - Chunking transcripts...
   - Created 326 chunks
   - Generating embeddings...
Generating embeddings for 326 chunks...
Generated embeddings for batch 1 (100 texts)
Generated embeddings for batch 2 (100 texts)
Generated embeddings for batch 3 (100 texts)
Generated embeddings for batch 4 (26 texts)
Successfully generated 326/326 embeddings
   - Adding to vector store...
Added 326 chunks to vector store
   ✓ Batch 29 complete

3. Processing batch 30/31 (10 episodes)...
   - Chunking transcripts...
   - Created 319 chunks
   - Generating embeddings...
Generating embeddings for 319 chunks...
Generated embeddings for batch 1 (100 texts)
Generated embeddings for batch 2 (100 texts)
Generated embeddings for batch 3 (100 texts)
Generated embeddings for batch 4 (19 texts)
Successfully generated 319/319 embeddings
   - Adding to vector store...
Added 319 chunks to vector store
   ✓ Batch 30 complete

3. Processing batch 31/31 (3 episodes)...
   - Chunking transcripts...
   - Created 59 chunks
   - Generating embeddings...
Generating embeddings for 59 chunks...
Generated embeddings for batch 1 (59 texts)
Successfully generated 59/59 embeddings
   - Adding to vector store...
Added 59 chunks to vector store
   ✓ Batch 31 complete

============================================================
Ingestion Complete!
============================================================
Total episodes processed: 303
Total chunks created: 8762
Chunks in vector store: 8762

You can now run the Streamlit app: streamlit run app.py
